// Vitest Snapshot v1, https://vitest.dev/guide/snapshot.html

exports[`e2e:comments > should parse shell comments ("multiline/01.txt",undefined) 1`] = `
[
  [
    "enter",
    {
      "_kind": "line",
      "end": {
        "_bufferIndex": -1,
        "_index": 7,
        "column": 2,
        "line": 4,
        "offset": 11,
      },
      "lang": "shell",
      "start": {
        "_bufferIndex": 0,
        "_index": 0,
        "column": 1,
        "line": 1,
        "offset": 0,
      },
      "type": "comment",
    },
  ],
  [
    "enter",
    {
      "end": {
        "_bufferIndex": -1,
        "_index": 1,
        "column": 2,
        "line": 1,
        "offset": 1,
      },
      "start": {
        "_bufferIndex": 0,
        "_index": 0,
        "column": 1,
        "line": 1,
        "offset": 0,
      },
      "type": "commentLinePrefix",
    },
  ],
  [
    "enter",
    {
      "end": {
        "_bufferIndex": -1,
        "_index": 1,
        "column": 2,
        "line": 1,
        "offset": 1,
      },
      "start": {
        "_bufferIndex": 0,
        "_index": 0,
        "column": 1,
        "line": 1,
        "offset": 0,
      },
      "type": "commentMarker",
      "value": "#",
    },
  ],
  [
    "exit",
    {
      "end": {
        "_bufferIndex": -1,
        "_index": 1,
        "column": 2,
        "line": 1,
        "offset": 1,
      },
      "start": {
        "_bufferIndex": 0,
        "_index": 0,
        "column": 1,
        "line": 1,
        "offset": 0,
      },
      "type": "commentMarker",
      "value": "#",
    },
  ],
  [
    "exit",
    {
      "end": {
        "_bufferIndex": -1,
        "_index": 1,
        "column": 2,
        "line": 1,
        "offset": 1,
      },
      "start": {
        "_bufferIndex": 0,
        "_index": 0,
        "column": 1,
        "line": 1,
        "offset": 0,
      },
      "type": "commentLinePrefix",
    },
  ],
  [
    "enter",
    {
      "end": {
        "_bufferIndex": -1,
        "_index": 1,
        "column": 1,
        "line": 2,
        "offset": 2,
      },
      "start": {
        "_bufferIndex": -1,
        "_index": 0,
        "column": 2,
        "line": 1,
        "offset": 1,
      },
      "type": "lineEndingBlank",
      "value": "
",
    },
  ],
  [
    "exit",
    {
      "end": {
        "_bufferIndex": -1,
        "_index": 1,
        "column": 1,
        "line": 2,
        "offset": 2,
      },
      "start": {
        "_bufferIndex": -1,
        "_index": 0,
        "column": 2,
        "line": 1,
        "offset": 1,
      },
      "type": "lineEndingBlank",
      "value": "
",
    },
  ],
  [
    "enter",
    {
      "end": {
        "_bufferIndex": -1,
        "_index": 3,
        "column": 3,
        "line": 2,
        "offset": 4,
      },
      "start": {
        "_bufferIndex": 0,
        "_index": 2,
        "column": 1,
        "line": 2,
        "offset": 2,
      },
      "type": "commentLinePrefix",
    },
  ],
  [
    "enter",
    {
      "end": {
        "_bufferIndex": 1,
        "_index": 2,
        "column": 2,
        "line": 2,
        "offset": 3,
      },
      "start": {
        "_bufferIndex": 0,
        "_index": 2,
        "column": 1,
        "line": 2,
        "offset": 2,
      },
      "type": "commentMarker",
      "value": "#",
    },
  ],
  [
    "exit",
    {
      "end": {
        "_bufferIndex": 1,
        "_index": 2,
        "column": 2,
        "line": 2,
        "offset": 3,
      },
      "start": {
        "_bufferIndex": 0,
        "_index": 2,
        "column": 1,
        "line": 2,
        "offset": 2,
      },
      "type": "commentMarker",
      "value": "#",
    },
  ],
  [
    "enter",
    {
      "end": {
        "_bufferIndex": -1,
        "_index": 3,
        "column": 3,
        "line": 2,
        "offset": 4,
      },
      "start": {
        "_bufferIndex": 1,
        "_index": 2,
        "column": 2,
        "line": 2,
        "offset": 3,
      },
      "type": "commentPadding",
      "value": " ",
    },
  ],
  [
    "exit",
    {
      "end": {
        "_bufferIndex": -1,
        "_index": 3,
        "column": 3,
        "line": 2,
        "offset": 4,
      },
      "start": {
        "_bufferIndex": 1,
        "_index": 2,
        "column": 2,
        "line": 2,
        "offset": 3,
      },
      "type": "commentPadding",
      "value": " ",
    },
  ],
  [
    "exit",
    {
      "end": {
        "_bufferIndex": -1,
        "_index": 3,
        "column": 3,
        "line": 2,
        "offset": 4,
      },
      "start": {
        "_bufferIndex": 0,
        "_index": 2,
        "column": 1,
        "line": 2,
        "offset": 2,
      },
      "type": "commentLinePrefix",
    },
  ],
  [
    "enter",
    {
      "end": {
        "_bufferIndex": -1,
        "_index": 2,
        "column": 1,
        "line": 3,
        "offset": 5,
      },
      "start": {
        "_bufferIndex": -1,
        "_index": 1,
        "column": 3,
        "line": 2,
        "offset": 4,
      },
      "type": "lineEndingBlank",
      "value": "
",
    },
  ],
  [
    "exit",
    {
      "end": {
        "_bufferIndex": -1,
        "_index": 2,
        "column": 1,
        "line": 3,
        "offset": 5,
      },
      "start": {
        "_bufferIndex": -1,
        "_index": 1,
        "column": 3,
        "line": 2,
        "offset": 4,
      },
      "type": "lineEndingBlank",
      "value": "
",
    },
  ],
  [
    "enter",
    {
      "end": {
        "_bufferIndex": 2,
        "_index": 4,
        "column": 3,
        "line": 3,
        "offset": 7,
      },
      "start": {
        "_bufferIndex": 0,
        "_index": 4,
        "column": 1,
        "line": 3,
        "offset": 5,
      },
      "type": "commentLinePrefix",
    },
  ],
  [
    "enter",
    {
      "end": {
        "_bufferIndex": 1,
        "_index": 4,
        "column": 2,
        "line": 3,
        "offset": 6,
      },
      "start": {
        "_bufferIndex": 0,
        "_index": 4,
        "column": 1,
        "line": 3,
        "offset": 5,
      },
      "type": "commentMarker",
      "value": "#",
    },
  ],
  [
    "exit",
    {
      "end": {
        "_bufferIndex": 1,
        "_index": 4,
        "column": 2,
        "line": 3,
        "offset": 6,
      },
      "start": {
        "_bufferIndex": 0,
        "_index": 4,
        "column": 1,
        "line": 3,
        "offset": 5,
      },
      "type": "commentMarker",
      "value": "#",
    },
  ],
  [
    "enter",
    {
      "end": {
        "_bufferIndex": 2,
        "_index": 4,
        "column": 3,
        "line": 3,
        "offset": 7,
      },
      "start": {
        "_bufferIndex": 1,
        "_index": 4,
        "column": 2,
        "line": 3,
        "offset": 6,
      },
      "type": "commentPadding",
      "value": " ",
    },
  ],
  [
    "exit",
    {
      "end": {
        "_bufferIndex": 2,
        "_index": 4,
        "column": 3,
        "line": 3,
        "offset": 7,
      },
      "start": {
        "_bufferIndex": 1,
        "_index": 4,
        "column": 2,
        "line": 3,
        "offset": 6,
      },
      "type": "commentPadding",
      "value": " ",
    },
  ],
  [
    "exit",
    {
      "end": {
        "_bufferIndex": 2,
        "_index": 4,
        "column": 3,
        "line": 3,
        "offset": 7,
      },
      "start": {
        "_bufferIndex": 0,
        "_index": 4,
        "column": 1,
        "line": 3,
        "offset": 5,
      },
      "type": "commentLinePrefix",
    },
  ],
  [
    "enter",
    {
      "end": {
        "_bufferIndex": -1,
        "_index": 3,
        "column": 5,
        "line": 3,
        "offset": 9,
      },
      "start": {
        "_bufferIndex": 0,
        "_index": 2,
        "column": 3,
        "line": 3,
        "offset": 7,
      },
      "type": "linePrefix",
      "value": "  ",
    },
  ],
  [
    "exit",
    {
      "end": {
        "_bufferIndex": -1,
        "_index": 3,
        "column": 5,
        "line": 3,
        "offset": 9,
      },
      "start": {
        "_bufferIndex": 0,
        "_index": 2,
        "column": 3,
        "line": 3,
        "offset": 7,
      },
      "type": "linePrefix",
      "value": "  ",
    },
  ],
  [
    "enter",
    {
      "end": {
        "_bufferIndex": -1,
        "_index": 4,
        "column": 1,
        "line": 4,
        "offset": 10,
      },
      "start": {
        "_bufferIndex": -1,
        "_index": 3,
        "column": 5,
        "line": 3,
        "offset": 9,
      },
      "type": "lineEndingBlank",
      "value": "
",
    },
  ],
  [
    "exit",
    {
      "end": {
        "_bufferIndex": -1,
        "_index": 4,
        "column": 1,
        "line": 4,
        "offset": 10,
      },
      "start": {
        "_bufferIndex": -1,
        "_index": 3,
        "column": 5,
        "line": 3,
        "offset": 9,
      },
      "type": "lineEndingBlank",
      "value": "
",
    },
  ],
  [
    "enter",
    {
      "end": {
        "_bufferIndex": -1,
        "_index": 7,
        "column": 2,
        "line": 4,
        "offset": 11,
      },
      "start": {
        "_bufferIndex": 0,
        "_index": 6,
        "column": 1,
        "line": 4,
        "offset": 10,
      },
      "type": "commentLinePrefix",
    },
  ],
  [
    "enter",
    {
      "end": {
        "_bufferIndex": -1,
        "_index": 7,
        "column": 2,
        "line": 4,
        "offset": 11,
      },
      "start": {
        "_bufferIndex": 0,
        "_index": 6,
        "column": 1,
        "line": 4,
        "offset": 10,
      },
      "type": "commentMarker",
      "value": "#",
    },
  ],
  [
    "exit",
    {
      "end": {
        "_bufferIndex": -1,
        "_index": 7,
        "column": 2,
        "line": 4,
        "offset": 11,
      },
      "start": {
        "_bufferIndex": 0,
        "_index": 6,
        "column": 1,
        "line": 4,
        "offset": 10,
      },
      "type": "commentMarker",
      "value": "#",
    },
  ],
  [
    "exit",
    {
      "end": {
        "_bufferIndex": -1,
        "_index": 7,
        "column": 2,
        "line": 4,
        "offset": 11,
      },
      "start": {
        "_bufferIndex": 0,
        "_index": 6,
        "column": 1,
        "line": 4,
        "offset": 10,
      },
      "type": "commentLinePrefix",
    },
  ],
  [
    "exit",
    {
      "_kind": "line",
      "end": {
        "_bufferIndex": -1,
        "_index": 7,
        "column": 2,
        "line": 4,
        "offset": 11,
      },
      "lang": "shell",
      "start": {
        "_bufferIndex": 0,
        "_index": 0,
        "column": 1,
        "line": 1,
        "offset": 0,
      },
      "type": "comment",
    },
  ],
  [
    "enter",
    {
      "end": {
        "_bufferIndex": -1,
        "_index": 8,
        "column": 2,
        "line": 4,
        "offset": 11,
      },
      "start": {
        "_bufferIndex": -1,
        "_index": 7,
        "column": 2,
        "line": 4,
        "offset": 11,
      },
      "type": "eoc",
    },
  ],
  [
    "exit",
    {
      "end": {
        "_bufferIndex": -1,
        "_index": 8,
        "column": 2,
        "line": 4,
        "offset": 11,
      },
      "start": {
        "_bufferIndex": -1,
        "_index": 7,
        "column": 2,
        "line": 4,
        "offset": 11,
      },
      "type": "eoc",
    },
  ],
]
`;

exports[`e2e:comments > should parse shell comments ("no-eol/01.txt",undefined) 1`] = `
[
  [
    "enter",
    {
      "_kind": "line",
      "end": {
        "_bufferIndex": -1,
        "_index": 1,
        "column": 36,
        "line": 1,
        "offset": 35,
      },
      "lang": "shell",
      "start": {
        "_bufferIndex": 0,
        "_index": 0,
        "column": 1,
        "line": 1,
        "offset": 0,
      },
      "type": "comment",
    },
  ],
  [
    "enter",
    {
      "end": {
        "_bufferIndex": 2,
        "_index": 0,
        "column": 3,
        "line": 1,
        "offset": 2,
      },
      "start": {
        "_bufferIndex": 0,
        "_index": 0,
        "column": 1,
        "line": 1,
        "offset": 0,
      },
      "type": "commentLinePrefix",
    },
  ],
  [
    "enter",
    {
      "end": {
        "_bufferIndex": 1,
        "_index": 0,
        "column": 2,
        "line": 1,
        "offset": 1,
      },
      "start": {
        "_bufferIndex": 0,
        "_index": 0,
        "column": 1,
        "line": 1,
        "offset": 0,
      },
      "type": "commentMarker",
      "value": "#",
    },
  ],
  [
    "exit",
    {
      "end": {
        "_bufferIndex": 1,
        "_index": 0,
        "column": 2,
        "line": 1,
        "offset": 1,
      },
      "start": {
        "_bufferIndex": 0,
        "_index": 0,
        "column": 1,
        "line": 1,
        "offset": 0,
      },
      "type": "commentMarker",
      "value": "#",
    },
  ],
  [
    "enter",
    {
      "end": {
        "_bufferIndex": 2,
        "_index": 0,
        "column": 3,
        "line": 1,
        "offset": 2,
      },
      "start": {
        "_bufferIndex": 1,
        "_index": 0,
        "column": 2,
        "line": 1,
        "offset": 1,
      },
      "type": "commentPadding",
      "value": " ",
    },
  ],
  [
    "exit",
    {
      "end": {
        "_bufferIndex": 2,
        "_index": 0,
        "column": 3,
        "line": 1,
        "offset": 2,
      },
      "start": {
        "_bufferIndex": 1,
        "_index": 0,
        "column": 2,
        "line": 1,
        "offset": 1,
      },
      "type": "commentPadding",
      "value": " ",
    },
  ],
  [
    "exit",
    {
      "end": {
        "_bufferIndex": 2,
        "_index": 0,
        "column": 3,
        "line": 1,
        "offset": 2,
      },
      "start": {
        "_bufferIndex": 0,
        "_index": 0,
        "column": 1,
        "line": 1,
        "offset": 0,
      },
      "type": "commentLinePrefix",
    },
  ],
  [
    "enter",
    {
      "_container": true,
      "_region": true,
      "end": {
        "_bufferIndex": -1,
        "_index": 1,
        "column": 36,
        "line": 1,
        "offset": 35,
      },
      "start": {
        "_bufferIndex": 0,
        "_index": 0,
        "column": 3,
        "line": 1,
        "offset": 2,
      },
      "type": "summary",
    },
  ],
  [
    "enter",
    {
      "end": {
        "_bufferIndex": 0,
        "_index": 0,
        "column": 3,
        "line": 1,
        "offset": 2,
      },
      "start": {
        "_bufferIndex": 0,
        "_index": 0,
        "column": 3,
        "line": 1,
        "offset": 2,
      },
      "type": "summaryMarker",
    },
  ],
  [
    "exit",
    {
      "end": {
        "_bufferIndex": 0,
        "_index": 0,
        "column": 3,
        "line": 1,
        "offset": 2,
      },
      "start": {
        "_bufferIndex": 0,
        "_index": 0,
        "column": 3,
        "line": 1,
        "offset": 2,
      },
      "type": "summaryMarker",
    },
  ],
  [
    "enter",
    {
      "end": {
        "_bufferIndex": -1,
        "_index": 1,
        "column": 36,
        "line": 1,
        "offset": 35,
      },
      "start": {
        "_bufferIndex": 0,
        "_index": 0,
        "column": 3,
        "line": 1,
        "offset": 2,
      },
      "type": "content",
    },
  ],
  [
    "enter",
    {
      "end": {
        "_bufferIndex": -1,
        "_index": 1,
        "column": 36,
        "line": 1,
        "offset": 35,
      },
      "start": {
        "_bufferIndex": 0,
        "_index": 0,
        "column": 3,
        "line": 1,
        "offset": 2,
      },
      "type": "paragraph",
    },
  ],
  [
    "enter",
    {
      "end": {
        "_bufferIndex": -1,
        "_index": 1,
        "column": 36,
        "line": 1,
        "offset": 35,
      },
      "start": {
        "_bufferIndex": 0,
        "_index": 0,
        "column": 3,
        "line": 1,
        "offset": 2,
      },
      "type": "data",
      "value": "aggregate labels into one string.",
    },
  ],
  [
    "exit",
    {
      "end": {
        "_bufferIndex": -1,
        "_index": 1,
        "column": 36,
        "line": 1,
        "offset": 35,
      },
      "start": {
        "_bufferIndex": 0,
        "_index": 0,
        "column": 3,
        "line": 1,
        "offset": 2,
      },
      "type": "data",
      "value": "aggregate labels into one string.",
    },
  ],
  [
    "exit",
    {
      "end": {
        "_bufferIndex": -1,
        "_index": 1,
        "column": 36,
        "line": 1,
        "offset": 35,
      },
      "start": {
        "_bufferIndex": 0,
        "_index": 0,
        "column": 3,
        "line": 1,
        "offset": 2,
      },
      "type": "paragraph",
    },
  ],
  [
    "exit",
    {
      "end": {
        "_bufferIndex": -1,
        "_index": 1,
        "column": 36,
        "line": 1,
        "offset": 35,
      },
      "start": {
        "_bufferIndex": 0,
        "_index": 0,
        "column": 3,
        "line": 1,
        "offset": 2,
      },
      "type": "content",
    },
  ],
  [
    "exit",
    {
      "_container": true,
      "_region": true,
      "end": {
        "_bufferIndex": -1,
        "_index": 1,
        "column": 36,
        "line": 1,
        "offset": 35,
      },
      "start": {
        "_bufferIndex": 0,
        "_index": 0,
        "column": 3,
        "line": 1,
        "offset": 2,
      },
      "type": "summary",
    },
  ],
  [
    "exit",
    {
      "_kind": "line",
      "end": {
        "_bufferIndex": -1,
        "_index": 1,
        "column": 36,
        "line": 1,
        "offset": 35,
      },
      "lang": "shell",
      "start": {
        "_bufferIndex": 0,
        "_index": 0,
        "column": 1,
        "line": 1,
        "offset": 0,
      },
      "type": "comment",
    },
  ],
  [
    "enter",
    {
      "end": {
        "_bufferIndex": -1,
        "_index": 2,
        "column": 36,
        "line": 1,
        "offset": 35,
      },
      "start": {
        "_bufferIndex": -1,
        "_index": 1,
        "column": 36,
        "line": 1,
        "offset": 35,
      },
      "type": "eoc",
    },
  ],
  [
    "exit",
    {
      "end": {
        "_bufferIndex": -1,
        "_index": 2,
        "column": 36,
        "line": 1,
        "offset": 35,
      },
      "start": {
        "_bufferIndex": -1,
        "_index": 1,
        "column": 36,
        "line": 1,
        "offset": 35,
      },
      "type": "eoc",
    },
  ],
]
`;

exports[`e2e:comments > should parse shell comments ("no-eol/02.txt",undefined) 1`] = `
[
  [
    "enter",
    {
      "_kind": "line",
      "end": {
        "_bufferIndex": -1,
        "_index": 1,
        "column": 21,
        "line": 1,
        "offset": 20,
      },
      "lang": "shell",
      "start": {
        "_bufferIndex": 0,
        "_index": 0,
        "column": 1,
        "line": 1,
        "offset": 0,
      },
      "type": "comment",
    },
  ],
  [
    "enter",
    {
      "end": {
        "_bufferIndex": 1,
        "_index": 0,
        "column": 2,
        "line": 1,
        "offset": 1,
      },
      "start": {
        "_bufferIndex": 0,
        "_index": 0,
        "column": 1,
        "line": 1,
        "offset": 0,
      },
      "type": "commentLinePrefix",
    },
  ],
  [
    "enter",
    {
      "end": {
        "_bufferIndex": 1,
        "_index": 0,
        "column": 2,
        "line": 1,
        "offset": 1,
      },
      "start": {
        "_bufferIndex": 0,
        "_index": 0,
        "column": 1,
        "line": 1,
        "offset": 0,
      },
      "type": "commentMarker",
      "value": "#",
    },
  ],
  [
    "exit",
    {
      "end": {
        "_bufferIndex": 1,
        "_index": 0,
        "column": 2,
        "line": 1,
        "offset": 1,
      },
      "start": {
        "_bufferIndex": 0,
        "_index": 0,
        "column": 1,
        "line": 1,
        "offset": 0,
      },
      "type": "commentMarker",
      "value": "#",
    },
  ],
  [
    "exit",
    {
      "end": {
        "_bufferIndex": 1,
        "_index": 0,
        "column": 2,
        "line": 1,
        "offset": 1,
      },
      "start": {
        "_bufferIndex": 0,
        "_index": 0,
        "column": 1,
        "line": 1,
        "offset": 0,
      },
      "type": "commentLinePrefix",
    },
  ],
  [
    "enter",
    {
      "_container": true,
      "_region": true,
      "end": {
        "_bufferIndex": -1,
        "_index": 1,
        "column": 21,
        "line": 1,
        "offset": 20,
      },
      "start": {
        "_bufferIndex": 0,
        "_index": 0,
        "column": 2,
        "line": 1,
        "offset": 1,
      },
      "type": "summary",
    },
  ],
  [
    "enter",
    {
      "end": {
        "_bufferIndex": 0,
        "_index": 0,
        "column": 2,
        "line": 1,
        "offset": 1,
      },
      "start": {
        "_bufferIndex": 0,
        "_index": 0,
        "column": 2,
        "line": 1,
        "offset": 1,
      },
      "type": "summaryMarker",
    },
  ],
  [
    "exit",
    {
      "end": {
        "_bufferIndex": 0,
        "_index": 0,
        "column": 2,
        "line": 1,
        "offset": 1,
      },
      "start": {
        "_bufferIndex": 0,
        "_index": 0,
        "column": 2,
        "line": 1,
        "offset": 1,
      },
      "type": "summaryMarker",
    },
  ],
  [
    "enter",
    {
      "end": {
        "_bufferIndex": -1,
        "_index": 1,
        "column": 21,
        "line": 1,
        "offset": 20,
      },
      "start": {
        "_bufferIndex": 0,
        "_index": 0,
        "column": 2,
        "line": 1,
        "offset": 1,
      },
      "type": "content",
    },
  ],
  [
    "enter",
    {
      "end": {
        "_bufferIndex": -1,
        "_index": 1,
        "column": 21,
        "line": 1,
        "offset": 20,
      },
      "start": {
        "_bufferIndex": 0,
        "_index": 0,
        "column": 2,
        "line": 1,
        "offset": 1,
      },
      "type": "paragraph",
    },
  ],
  [
    "enter",
    {
      "end": {
        "_bufferIndex": -1,
        "_index": 1,
        "column": 21,
        "line": 1,
        "offset": 20,
      },
      "start": {
        "_bufferIndex": 0,
        "_index": 0,
        "column": 2,
        "line": 1,
        "offset": 1,
      },
      "type": "data",
      "value": "add package labels.",
    },
  ],
  [
    "exit",
    {
      "end": {
        "_bufferIndex": -1,
        "_index": 1,
        "column": 21,
        "line": 1,
        "offset": 20,
      },
      "start": {
        "_bufferIndex": 0,
        "_index": 0,
        "column": 2,
        "line": 1,
        "offset": 1,
      },
      "type": "data",
      "value": "add package labels.",
    },
  ],
  [
    "exit",
    {
      "end": {
        "_bufferIndex": -1,
        "_index": 1,
        "column": 21,
        "line": 1,
        "offset": 20,
      },
      "start": {
        "_bufferIndex": 0,
        "_index": 0,
        "column": 2,
        "line": 1,
        "offset": 1,
      },
      "type": "paragraph",
    },
  ],
  [
    "exit",
    {
      "end": {
        "_bufferIndex": -1,
        "_index": 1,
        "column": 21,
        "line": 1,
        "offset": 20,
      },
      "start": {
        "_bufferIndex": 0,
        "_index": 0,
        "column": 2,
        "line": 1,
        "offset": 1,
      },
      "type": "content",
    },
  ],
  [
    "exit",
    {
      "_container": true,
      "_region": true,
      "end": {
        "_bufferIndex": -1,
        "_index": 1,
        "column": 21,
        "line": 1,
        "offset": 20,
      },
      "start": {
        "_bufferIndex": 0,
        "_index": 0,
        "column": 2,
        "line": 1,
        "offset": 1,
      },
      "type": "summary",
    },
  ],
  [
    "exit",
    {
      "_kind": "line",
      "end": {
        "_bufferIndex": -1,
        "_index": 1,
        "column": 21,
        "line": 1,
        "offset": 20,
      },
      "lang": "shell",
      "start": {
        "_bufferIndex": 0,
        "_index": 0,
        "column": 1,
        "line": 1,
        "offset": 0,
      },
      "type": "comment",
    },
  ],
  [
    "enter",
    {
      "end": {
        "_bufferIndex": -1,
        "_index": 2,
        "column": 21,
        "line": 1,
        "offset": 20,
      },
      "start": {
        "_bufferIndex": -1,
        "_index": 1,
        "column": 21,
        "line": 1,
        "offset": 20,
      },
      "type": "eoc",
    },
  ],
  [
    "exit",
    {
      "end": {
        "_bufferIndex": -1,
        "_index": 2,
        "column": 21,
        "line": 1,
        "offset": 20,
      },
      "start": {
        "_bufferIndex": -1,
        "_index": 1,
        "column": 21,
        "line": 1,
        "offset": 20,
      },
      "type": "eoc",
    },
  ],
]
`;

exports[`e2e:comments > should parse shell comments ("opener-only/01.txt",undefined) 1`] = `
[
  [
    "enter",
    {
      "_kind": "line",
      "end": {
        "_bufferIndex": -1,
        "_index": 1,
        "column": 2,
        "line": 1,
        "offset": 1,
      },
      "lang": "shell",
      "start": {
        "_bufferIndex": 0,
        "_index": 0,
        "column": 1,
        "line": 1,
        "offset": 0,
      },
      "type": "comment",
    },
  ],
  [
    "enter",
    {
      "end": {
        "_bufferIndex": -1,
        "_index": 1,
        "column": 2,
        "line": 1,
        "offset": 1,
      },
      "start": {
        "_bufferIndex": 0,
        "_index": 0,
        "column": 1,
        "line": 1,
        "offset": 0,
      },
      "type": "commentLinePrefix",
    },
  ],
  [
    "enter",
    {
      "end": {
        "_bufferIndex": -1,
        "_index": 1,
        "column": 2,
        "line": 1,
        "offset": 1,
      },
      "start": {
        "_bufferIndex": 0,
        "_index": 0,
        "column": 1,
        "line": 1,
        "offset": 0,
      },
      "type": "commentMarker",
      "value": "#",
    },
  ],
  [
    "exit",
    {
      "end": {
        "_bufferIndex": -1,
        "_index": 1,
        "column": 2,
        "line": 1,
        "offset": 1,
      },
      "start": {
        "_bufferIndex": 0,
        "_index": 0,
        "column": 1,
        "line": 1,
        "offset": 0,
      },
      "type": "commentMarker",
      "value": "#",
    },
  ],
  [
    "exit",
    {
      "end": {
        "_bufferIndex": -1,
        "_index": 1,
        "column": 2,
        "line": 1,
        "offset": 1,
      },
      "start": {
        "_bufferIndex": 0,
        "_index": 0,
        "column": 1,
        "line": 1,
        "offset": 0,
      },
      "type": "commentLinePrefix",
    },
  ],
  [
    "exit",
    {
      "_kind": "line",
      "end": {
        "_bufferIndex": -1,
        "_index": 1,
        "column": 2,
        "line": 1,
        "offset": 1,
      },
      "lang": "shell",
      "start": {
        "_bufferIndex": 0,
        "_index": 0,
        "column": 1,
        "line": 1,
        "offset": 0,
      },
      "type": "comment",
    },
  ],
  [
    "enter",
    {
      "end": {
        "_bufferIndex": -1,
        "_index": 2,
        "column": 2,
        "line": 1,
        "offset": 1,
      },
      "start": {
        "_bufferIndex": -1,
        "_index": 1,
        "column": 2,
        "line": 1,
        "offset": 1,
      },
      "type": "eoc",
    },
  ],
  [
    "exit",
    {
      "end": {
        "_bufferIndex": -1,
        "_index": 2,
        "column": 2,
        "line": 1,
        "offset": 1,
      },
      "start": {
        "_bufferIndex": -1,
        "_index": 1,
        "column": 2,
        "line": 1,
        "offset": 1,
      },
      "type": "eoc",
    },
  ],
]
`;

exports[`e2e:comments > should parse shell comments ("opener-only/02.txt",undefined) 1`] = `
[
  [
    "enter",
    {
      "_kind": "line",
      "end": {
        "_bufferIndex": -1,
        "_index": 2,
        "column": 1,
        "line": 2,
        "offset": 2,
      },
      "lang": "shell",
      "start": {
        "_bufferIndex": 0,
        "_index": 0,
        "column": 1,
        "line": 1,
        "offset": 0,
      },
      "type": "comment",
    },
  ],
  [
    "enter",
    {
      "end": {
        "_bufferIndex": -1,
        "_index": 1,
        "column": 2,
        "line": 1,
        "offset": 1,
      },
      "start": {
        "_bufferIndex": 0,
        "_index": 0,
        "column": 1,
        "line": 1,
        "offset": 0,
      },
      "type": "commentLinePrefix",
    },
  ],
  [
    "enter",
    {
      "end": {
        "_bufferIndex": -1,
        "_index": 1,
        "column": 2,
        "line": 1,
        "offset": 1,
      },
      "start": {
        "_bufferIndex": 0,
        "_index": 0,
        "column": 1,
        "line": 1,
        "offset": 0,
      },
      "type": "commentMarker",
      "value": "#",
    },
  ],
  [
    "exit",
    {
      "end": {
        "_bufferIndex": -1,
        "_index": 1,
        "column": 2,
        "line": 1,
        "offset": 1,
      },
      "start": {
        "_bufferIndex": 0,
        "_index": 0,
        "column": 1,
        "line": 1,
        "offset": 0,
      },
      "type": "commentMarker",
      "value": "#",
    },
  ],
  [
    "exit",
    {
      "end": {
        "_bufferIndex": -1,
        "_index": 1,
        "column": 2,
        "line": 1,
        "offset": 1,
      },
      "start": {
        "_bufferIndex": 0,
        "_index": 0,
        "column": 1,
        "line": 1,
        "offset": 0,
      },
      "type": "commentLinePrefix",
    },
  ],
  [
    "enter",
    {
      "end": {
        "_bufferIndex": -1,
        "_index": 1,
        "column": 1,
        "line": 2,
        "offset": 2,
      },
      "start": {
        "_bufferIndex": -1,
        "_index": 0,
        "column": 2,
        "line": 1,
        "offset": 1,
      },
      "type": "lineEndingBlank",
      "value": "
",
    },
  ],
  [
    "exit",
    {
      "end": {
        "_bufferIndex": -1,
        "_index": 1,
        "column": 1,
        "line": 2,
        "offset": 2,
      },
      "start": {
        "_bufferIndex": -1,
        "_index": 0,
        "column": 2,
        "line": 1,
        "offset": 1,
      },
      "type": "lineEndingBlank",
      "value": "
",
    },
  ],
  [
    "exit",
    {
      "_kind": "line",
      "end": {
        "_bufferIndex": -1,
        "_index": 2,
        "column": 1,
        "line": 2,
        "offset": 2,
      },
      "lang": "shell",
      "start": {
        "_bufferIndex": 0,
        "_index": 0,
        "column": 1,
        "line": 1,
        "offset": 0,
      },
      "type": "comment",
    },
  ],
  [
    "enter",
    {
      "end": {
        "_bufferIndex": -1,
        "_index": 3,
        "column": 1,
        "line": 2,
        "offset": 2,
      },
      "start": {
        "_bufferIndex": -1,
        "_index": 2,
        "column": 1,
        "line": 2,
        "offset": 2,
      },
      "type": "eoc",
    },
  ],
  [
    "exit",
    {
      "end": {
        "_bufferIndex": -1,
        "_index": 3,
        "column": 1,
        "line": 2,
        "offset": 2,
      },
      "start": {
        "_bufferIndex": -1,
        "_index": 2,
        "column": 1,
        "line": 2,
        "offset": 2,
      },
      "type": "eoc",
    },
  ],
]
`;

exports[`e2e:comments > should parse shell comments ("opener-only/03.txt",undefined) 1`] = `
[
  [
    "enter",
    {
      "_kind": "line",
      "end": {
        "_bufferIndex": -1,
        "_index": 1,
        "column": 3,
        "line": 1,
        "offset": 2,
      },
      "lang": "shell",
      "start": {
        "_bufferIndex": 0,
        "_index": 0,
        "column": 1,
        "line": 1,
        "offset": 0,
      },
      "type": "comment",
    },
  ],
  [
    "enter",
    {
      "end": {
        "_bufferIndex": -1,
        "_index": 1,
        "column": 3,
        "line": 1,
        "offset": 2,
      },
      "start": {
        "_bufferIndex": 0,
        "_index": 0,
        "column": 1,
        "line": 1,
        "offset": 0,
      },
      "type": "commentLinePrefix",
    },
  ],
  [
    "enter",
    {
      "end": {
        "_bufferIndex": 1,
        "_index": 0,
        "column": 2,
        "line": 1,
        "offset": 1,
      },
      "start": {
        "_bufferIndex": 0,
        "_index": 0,
        "column": 1,
        "line": 1,
        "offset": 0,
      },
      "type": "commentMarker",
      "value": "#",
    },
  ],
  [
    "exit",
    {
      "end": {
        "_bufferIndex": 1,
        "_index": 0,
        "column": 2,
        "line": 1,
        "offset": 1,
      },
      "start": {
        "_bufferIndex": 0,
        "_index": 0,
        "column": 1,
        "line": 1,
        "offset": 0,
      },
      "type": "commentMarker",
      "value": "#",
    },
  ],
  [
    "enter",
    {
      "end": {
        "_bufferIndex": -1,
        "_index": 1,
        "column": 3,
        "line": 1,
        "offset": 2,
      },
      "start": {
        "_bufferIndex": 1,
        "_index": 0,
        "column": 2,
        "line": 1,
        "offset": 1,
      },
      "type": "commentPadding",
      "value": " ",
    },
  ],
  [
    "exit",
    {
      "end": {
        "_bufferIndex": -1,
        "_index": 1,
        "column": 3,
        "line": 1,
        "offset": 2,
      },
      "start": {
        "_bufferIndex": 1,
        "_index": 0,
        "column": 2,
        "line": 1,
        "offset": 1,
      },
      "type": "commentPadding",
      "value": " ",
    },
  ],
  [
    "exit",
    {
      "end": {
        "_bufferIndex": -1,
        "_index": 1,
        "column": 3,
        "line": 1,
        "offset": 2,
      },
      "start": {
        "_bufferIndex": 0,
        "_index": 0,
        "column": 1,
        "line": 1,
        "offset": 0,
      },
      "type": "commentLinePrefix",
    },
  ],
  [
    "exit",
    {
      "_kind": "line",
      "end": {
        "_bufferIndex": -1,
        "_index": 1,
        "column": 3,
        "line": 1,
        "offset": 2,
      },
      "lang": "shell",
      "start": {
        "_bufferIndex": 0,
        "_index": 0,
        "column": 1,
        "line": 1,
        "offset": 0,
      },
      "type": "comment",
    },
  ],
  [
    "enter",
    {
      "end": {
        "_bufferIndex": -1,
        "_index": 2,
        "column": 3,
        "line": 1,
        "offset": 2,
      },
      "start": {
        "_bufferIndex": -1,
        "_index": 1,
        "column": 3,
        "line": 1,
        "offset": 2,
      },
      "type": "eoc",
    },
  ],
  [
    "exit",
    {
      "end": {
        "_bufferIndex": -1,
        "_index": 2,
        "column": 3,
        "line": 1,
        "offset": 2,
      },
      "start": {
        "_bufferIndex": -1,
        "_index": 1,
        "column": 3,
        "line": 1,
        "offset": 2,
      },
      "type": "eoc",
    },
  ],
]
`;

exports[`e2e:comments > should parse shell comments ("opener-only/04.txt",undefined) 1`] = `
[
  [
    "enter",
    {
      "_kind": "line",
      "end": {
        "_bufferIndex": -1,
        "_index": 2,
        "column": 1,
        "line": 2,
        "offset": 3,
      },
      "lang": "shell",
      "start": {
        "_bufferIndex": 0,
        "_index": 0,
        "column": 1,
        "line": 1,
        "offset": 0,
      },
      "type": "comment",
    },
  ],
  [
    "enter",
    {
      "end": {
        "_bufferIndex": -1,
        "_index": 1,
        "column": 3,
        "line": 1,
        "offset": 2,
      },
      "start": {
        "_bufferIndex": 0,
        "_index": 0,
        "column": 1,
        "line": 1,
        "offset": 0,
      },
      "type": "commentLinePrefix",
    },
  ],
  [
    "enter",
    {
      "end": {
        "_bufferIndex": 1,
        "_index": 0,
        "column": 2,
        "line": 1,
        "offset": 1,
      },
      "start": {
        "_bufferIndex": 0,
        "_index": 0,
        "column": 1,
        "line": 1,
        "offset": 0,
      },
      "type": "commentMarker",
      "value": "#",
    },
  ],
  [
    "exit",
    {
      "end": {
        "_bufferIndex": 1,
        "_index": 0,
        "column": 2,
        "line": 1,
        "offset": 1,
      },
      "start": {
        "_bufferIndex": 0,
        "_index": 0,
        "column": 1,
        "line": 1,
        "offset": 0,
      },
      "type": "commentMarker",
      "value": "#",
    },
  ],
  [
    "enter",
    {
      "end": {
        "_bufferIndex": -1,
        "_index": 1,
        "column": 3,
        "line": 1,
        "offset": 2,
      },
      "start": {
        "_bufferIndex": 1,
        "_index": 0,
        "column": 2,
        "line": 1,
        "offset": 1,
      },
      "type": "commentPadding",
      "value": " ",
    },
  ],
  [
    "exit",
    {
      "end": {
        "_bufferIndex": -1,
        "_index": 1,
        "column": 3,
        "line": 1,
        "offset": 2,
      },
      "start": {
        "_bufferIndex": 1,
        "_index": 0,
        "column": 2,
        "line": 1,
        "offset": 1,
      },
      "type": "commentPadding",
      "value": " ",
    },
  ],
  [
    "exit",
    {
      "end": {
        "_bufferIndex": -1,
        "_index": 1,
        "column": 3,
        "line": 1,
        "offset": 2,
      },
      "start": {
        "_bufferIndex": 0,
        "_index": 0,
        "column": 1,
        "line": 1,
        "offset": 0,
      },
      "type": "commentLinePrefix",
    },
  ],
  [
    "enter",
    {
      "end": {
        "_bufferIndex": -1,
        "_index": 1,
        "column": 1,
        "line": 2,
        "offset": 3,
      },
      "start": {
        "_bufferIndex": -1,
        "_index": 0,
        "column": 3,
        "line": 1,
        "offset": 2,
      },
      "type": "lineEndingBlank",
      "value": "
",
    },
  ],
  [
    "exit",
    {
      "end": {
        "_bufferIndex": -1,
        "_index": 1,
        "column": 1,
        "line": 2,
        "offset": 3,
      },
      "start": {
        "_bufferIndex": -1,
        "_index": 0,
        "column": 3,
        "line": 1,
        "offset": 2,
      },
      "type": "lineEndingBlank",
      "value": "
",
    },
  ],
  [
    "exit",
    {
      "_kind": "line",
      "end": {
        "_bufferIndex": -1,
        "_index": 2,
        "column": 1,
        "line": 2,
        "offset": 3,
      },
      "lang": "shell",
      "start": {
        "_bufferIndex": 0,
        "_index": 0,
        "column": 1,
        "line": 1,
        "offset": 0,
      },
      "type": "comment",
    },
  ],
  [
    "enter",
    {
      "end": {
        "_bufferIndex": -1,
        "_index": 3,
        "column": 1,
        "line": 2,
        "offset": 3,
      },
      "start": {
        "_bufferIndex": -1,
        "_index": 2,
        "column": 1,
        "line": 2,
        "offset": 3,
      },
      "type": "eoc",
    },
  ],
  [
    "exit",
    {
      "end": {
        "_bufferIndex": -1,
        "_index": 3,
        "column": 1,
        "line": 2,
        "offset": 3,
      },
      "start": {
        "_bufferIndex": -1,
        "_index": 2,
        "column": 1,
        "line": 2,
        "offset": 3,
      },
      "type": "eoc",
    },
  ],
]
`;
