// Vitest Snapshot v1, https://vitest.dev/guide/snapshot.html

exports[`unit:lineComments > should be extension 1`] = `
{
  "source": {
    "47": {
      "continuation": {
        "tokenize": [Function tokenizeLineCommentContinuation],
      },
      "exit": [Function exitLineComment],
      "name": "comment:slash",
      "tokenize": [Function tokenizeLineComment],
    },
  },
}
`;
